[GL] Renderer : AMD Radeon Graphics (radeonsi, renoir, ACO, DRM 3.64, 6.17.0-19-generic)
[GL] Version  : 4.6 (Core Profile) Mesa 25.2.8-0ubuntu0.24.04.1
[ResourceManager] Loaded 9 units, 5 spells.
[Menu] Main menu entered.
[Texture] Loaded assets/textures/terrain/sand/sand.png (128x128 ch=4)
[Texture] Loaded assets/textures/terrain/sand/sand1.png (128x128 ch=4)
[Texture] Loaded assets/textures/terrain/sand/sand2.png (128x128 ch=4)
[Texture] Loaded assets/textures/terrain/sand/sand3.png (128x128 ch=4)
[Texture] Loaded assets/textures/terrain/sand/sand4.png (128x128 ch=4)
[Texture] Loaded assets/textures/terrain/sand/sand_hex_backup.png (128x128 ch=4)
[Texture] Loaded assets/textures/terrain/sand/sand_seamless.png (128x128 ch=4)
[Texture] Loaded assets/textures/terrain/dune/dune.png (128x128 ch=4)
[Texture] Loaded assets/textures/terrain/dune/dune0.png (128x128 ch=4)
[Texture] Loaded assets/textures/terrain/dune/dune1.png (128x128 ch=4)
[Texture] Loaded assets/textures/terrain/dune/dune2.png (128x128 ch=4)
[Texture] Loaded assets/textures/terrain/dune/dune3.png (128x128 ch=4)
[Texture] Loaded assets/textures/terrain/rock/rock.png (128x128 ch=4)
[Texture] Loaded assets/textures/terrain/rock/rock0.png (128x128 ch=4)
[Texture] Loaded assets/textures/terrain/rock/rock1.png (128x128 ch=4)
[Texture] Loaded assets/textures/terrain/rock/rock2.png (128x128 ch=4)
[Texture] Loaded assets/textures/terrain/rock/rock3.png (128x128 ch=4)
[Texture] Loaded assets/textures/terrain/oasis/oasis.png (128x128 ch=4)
[Texture] Loaded assets/textures/terrain/oasis/oasis0.png (128x128 ch=4)
[Texture] Loaded assets/textures/terrain/oasis/oasis1.png (128x128 ch=4)
[Texture] Loaded assets/textures/terrain/oasis/oasis2.png (128x128 ch=4)
[Texture] Loaded assets/textures/terrain/oasis/oasis3.png (128x128 ch=4)
[Texture] Loaded assets/textures/terrain/ruins/ruins.png (128x128 ch=4)
[Texture] Loaded assets/textures/terrain/ruins/ruins0.png (128x128 ch=4)
[Texture] Loaded assets/textures/terrain/ruins/ruins1.png (128x128 ch=4)
[Texture] Loaded assets/textures/terrain/ruins/ruins2.png (128x128 ch=4)
[Texture] Loaded assets/textures/terrain/ruins/ruins3.png (128x128 ch=4)
[Texture] Loaded assets/textures/terrain/obsidian/obsidian.png (128x128 ch=4)
[Texture] Loaded assets/textures/terrain/obsidian/obsidian0.png (128x128 ch=4)
[Texture] Loaded assets/textures/terrain/obsidian/obsidian1.png (128x128 ch=4)
[Texture] Loaded assets/textures/terrain/obsidian/obsidian2.png (128x128 ch=4)
[Texture] Loaded assets/textures/terrain/obsidian/obsidian3.png (128x128 ch=4)
[Texture] Loaded assets/textures/terrain/mountain/mountain.png (128x128 ch=4)
[Texture] Loaded assets/textures/terrain/mountain/mountain2.png (64x64 ch=4)
[Texture] Loaded assets/textures/terrain/river/river.png (128x128 ch=4)
[Texture] Loaded assets/textures/terrain/wall/wall.png (128x128 ch=4)
[Texture] Loaded assets/textures/terrain/battle/battle.png (64x64 ch=4)
[Texture] Loaded assets/textures/terrain/grass/grass.png (128x128 ch=4)
[Texture] Loaded assets/textures/terrain/grass/grass0.png (128x128 ch=4)
[Texture] Loaded assets/textures/terrain/grass/grass1.png (128x128 ch=4)
[Texture] Loaded assets/textures/terrain/grass/grass2.png (128x128 ch=4)
[Texture] Loaded assets/textures/terrain/grass/grass3.png (128x128 ch=4)
[Texture] Loaded assets/textures/terrain/grass/grass_blades.png (128x128 ch=4)
[Texture] Loaded assets/textures/terrain/grass/grass_clover.png (128x128 ch=4)
[Texture] Loaded assets/textures/terrain/grass/grass_daisy.png (128x128 ch=4)
[Texture] Loaded assets/textures/terrain/grass/grass_mix_blades_clover.png (128x128 ch=4)
[Texture] Loaded assets/textures/terrain/grass/grass_mix_wildflower_clover.png (128x128 ch=4)
[Texture] Loaded assets/textures/terrain/grass/grass_pure0.png (128x128 ch=4)
[Texture] Loaded assets/textures/terrain/grass/grass_pure1.png (128x128 ch=4)
[Texture] Loaded assets/textures/terrain/grass/grass_pure2.png (128x128 ch=4)
[Texture] Loaded assets/textures/terrain/grass/grass_pure3.png (128x128 ch=4)
[Texture] Loaded assets/textures/terrain/grass/grass_tx_wildflower_clover.png (128x128 ch=4)
[Texture] Loaded assets/textures/terrain/grass/grass_wildflower.png (128x128 ch=4)
[Texture] Loaded assets/textures/terrain/grass/grassgreen.png (128x128 ch=4)
[Texture] Loaded assets/textures/terrain/grass/grasstexture.png (1024x1024 ch=4)
[Texture] Loaded assets/textures/terrain/forest/forest.png (128x128 ch=4)
[Texture] Loaded assets/textures/terrain/forest/forest0.png (128x128 ch=4)
[Texture] Loaded assets/textures/terrain/forest/forest1.png (128x128 ch=4)
[Texture] Loaded assets/textures/terrain/forest/forest2.png (128x128 ch=4)
[Texture] Loaded assets/textures/terrain/forest/forest3.png (128x128 ch=4)
[Texture] Loaded assets/textures/terrain/highland/highland.png (128x128 ch=4)
[Texture] Loaded assets/textures/terrain/highland/highland0.png (128x128 ch=4)
[Texture] Loaded assets/textures/terrain/highland/highland1.png (128x128 ch=4)
[Texture] Loaded assets/textures/terrain/highland/highland2.png (128x128 ch=4)
[Texture] Loaded assets/textures/terrain/highland/highland3.png (128x128 ch=4)
[Texture] Loaded assets/textures/terrain/grass_sand_edge/gs_diag_topleft.png (128x128 ch=4)
[Texture] Loaded assets/textures/terrain/grass_sand_edge/gs_diag_topright.png (128x128 ch=4)
[Texture] Loaded assets/textures/terrain/grass_sand_edge/gs_edge_ne.png (128x128 ch=4)
[Texture] Loaded assets/textures/terrain/grass_sand_edge/gs_edge_nw.png (128x128 ch=4)
[Texture] Loaded assets/textures/terrain/grass_sand_edge/gs_edge_w.png (128x128 ch=4)
[Texture] Loaded assets/textures/terrain/grass_sand_edge/gs_left_right.png (128x128 ch=4)
[Texture] Loaded assets/textures/terrain/grass_sand_edge/gs_top_bottom.png (128x128 ch=4)
[Texture] Loaded assets/textures/terrain/grass_sand_edge_2/gs_diag_topleft.png (128x128 ch=4)
[Texture] Loaded assets/textures/terrain/grass_sand_edge_2/gs_diag_topright.png (128x128 ch=4)
[Texture] Loaded assets/textures/terrain/grass_sand_edge_2/gs_edge_ne.png (128x128 ch=4)
[Texture] Loaded assets/textures/terrain/grass_sand_edge_2/gs_edge_nw.png (128x128 ch=4)
[Texture] Loaded assets/textures/terrain/grass_sand_edge_2/gs_edge_w.png (128x128 ch=4)
[Texture] Loaded assets/textures/terrain/grass_sand_edge_2/gs_left_right.png (128x128 ch=4)
[Texture] Loaded assets/textures/terrain/grass_sand_edge_2/gs_top_bottom.png (128x128 ch=4)
[Texture] Loaded assets/textures/terrain/road.png (128x128 ch=4)
[Texture] Loaded assets/textures/terrain/grass_sand_edge/gs_left_right.png (128x128 ch=4)
[Texture] Loaded assets/textures/terrain/grass_sand_edge/gs_edge_ne.png (128x128 ch=4)
[Texture] Loaded assets/textures/terrain/grass_sand_edge/gs_edge_nw.png (128x128 ch=4)
[Texture] Loaded assets/textures/terrain/grass_sand_edge/gs_edge_w.png (128x128 ch=4)
[Texture] Loaded assets/textures/terrain/grass_sand_edge/gs_diag_topright.png (128x128 ch=4)
[Texture] Loaded assets/textures/terrain/grass_sand_edge/gs_diag_topleft.png (128x128 ch=4)
[Texture] Loaded assets/textures/objects/castle.png (128x128 ch=4)
[Texture] Loaded assets/textures/objects/dungeon.png (128x128 ch=4)
[Texture] Loaded assets/textures/objects/goldmine.png (128x128 ch=4)
[Texture] Loaded assets/textures/objects/crystal_mine.png (128x128 ch=4)
[Texture] Loaded assets/textures/objects/artifact.png (128x128 ch=4)
[Texture] Cannot open: assets/textures/objects/sawmill.png
[Texture] Cannot open: assets/textures/objects/quarry.png
[Texture] Cannot open: assets/textures/objects/obsidian_vent.png
[WorldBuilder] New blank map, radius 12  (469 tiles)
  [HUD] tool=PaintTile  terrain=Sand  rot=0x60  objType=Town
[Texture] Loaded assets/textures/assorted/for_sorting2_r0_c0.png (128x128 ch=4)
[Texture] Loaded assets/textures/assorted/for_sorting2_r0_c1.png (128x128 ch=4)
[Texture] Loaded assets/textures/assorted/for_sorting2_r1_c0.png (128x128 ch=4)
[Texture] Loaded assets/textures/assorted/for_sorting2_r1_c1.png (128x128 ch=4)
[Texture] Loaded assets/textures/assorted/for_sorting4.png (256x256 ch=4)
[Texture] Loaded assets/textures/assorted/for_sorting_r0_c0.png (128x128 ch=4)
[Texture] Loaded assets/textures/assorted/for_sorting_r0_c1.png (128x128 ch=4)
[Texture] Loaded assets/textures/assorted/for_sorting_r1_c0.png (128x128 ch=4)
[Texture] Loaded assets/textures/assorted/for_sorting_r1_c1.png (128x128 ch=4)
[Texture] Loaded assets/textures/assorted/oasis.png (64x64 ch=4)
[WorldBuilder] Ready.
  Tab=cycle tool  1-0=terrain(desert)  G/F/H=Grass/Forest/Highland  O=obj type
  Ctrl+S=save  Ctrl+L=load  Ctrl+N=new blank map  P=test-play  T=tile builder  ESC=quit
  F1=alignment editor
  [HUD] tool=PaintTile  terrain=Sand  rot=0x60  objType=Town
  [HUD] tool=PaintTile  terrain=Dune  rot=0x60  objType=Town
  [HUD] tool=PaintTile  terrain=Dune  rot=0x60  objType=Town
  [HUD] tool=PaintTile  terrain=Dune  rot=0x60  objType=Town  *unsaved*
  [HUD] tool=PaintTile  terrain=Dune  rot=0x60  objType=Town  *unsaved*
  [HUD] tool=PaintTile  terrain=Dune  rot=0x60  objType=Town  *unsaved*
  [HUD] tool=PaintTile  terrain=Dune  rot=0x60  objType=Town  *unsaved*
  [HUD] tool=PaintTile  terrain=Rock  rot=0x60  objType=Town  *unsaved*
  [HUD] tool=PaintTile  terrain=Rock  rot=0x60  objType=Town  *unsaved*
  [HUD] tool=PaintTile  terrain=Rock  rot=0x60  objType=Town  *unsaved*
  [HUD] tool=PaintTile  terrain=Ruins  rot=0x60  objType=Town  *unsaved*
  [HUD] tool=PaintTile  terrain=Ruins  rot=0x60  objType=Town  *unsaved*
  [HUD] tool=PaintTile  terrain=Mountain  rot=0x60  objType=Town  *unsaved*
  [HUD] tool=PaintTile  terrain=Mountain  rot=0x60  objType=Town  *unsaved*
  [HUD] tool=PaintTile  terrain=Grass  rot=0x60  objType=Town  *unsaved*
  [HUD] tool=PaintTile  terrain=Grass  rot=0x60  objType=Town  *unsaved*
  [HUD] tool=PaintTile  terrain=Grass  rot=0x60  objType=Town  *unsaved*
  [HUD] tool=PlaceObject  terrain=Grass  rot=0x60  objType=Town  *unsaved*
  [HUD] tool=PlaceObject  terrain=Grass  rot=0x60  objType=Dungeon  *unsaved*
  [HUD] tool=PaintTile  terrain=Grass  rot=0x60  objType=Dungeon  *unsaved*
  [HUD] tool=PaintTile  terrain=Grass  rot=0x60  objType=Dungeon  *unsaved*
[Main] Clean exit.
[WorldBuilder] Warning: unsaved changes.
